\BOOKMARK [0][-]{section*.3}{\376\377\000L\000i\000s\000t\000\040\000o\000f\000\040\000A\000c\000r\000o\000n\000y\000m\000s}{}% 1
\BOOKMARK [0][-]{chapter.1}{\376\377\000I\000n\000t\000r\000o\000d\000u\000c\000t\000i\000o\000n}{}% 2
\BOOKMARK [1][-]{section.1.1}{\376\377\000B\000a\000c\000k\000g\000r\000o\000u\000n\000d\000\040\000a\000n\000d\000\040\000R\000e\000l\000e\000v\000a\000n\000c\000e\000\040\000o\000f\000\040\000E\000l\000e\000c\000t\000r\000i\000c\000\040\000V\000e\000h\000i\000c\000l\000e\000s\000\040\000a\000n\000d\000\040\000V\000e\000h\000i\000c\000l\000e\000-\000t\000o\000-\000G\000r\000i\000d}{chapter.1}% 3
\BOOKMARK [1][-]{section.1.2}{\376\377\000C\000h\000a\000l\000l\000e\000n\000g\000e\000s\000\040\000i\000n\000\040\000E\000V\000\040\000I\000n\000t\000e\000g\000r\000a\000t\000i\000o\000n\000\040\000i\000n\000t\000o\000\040\000t\000h\000e\000\040\000E\000l\000e\000c\000t\000r\000i\000c\000i\000t\000y\000\040\000G\000r\000i\000d\000\040\000a\000n\000d\000\040\000t\000h\000e\000\040\000R\000o\000l\000e\000\040\000o\000f\000\040\000A\000r\000t\000i\000f\000i\000c\000i\000a\000l\000\040\000I\000n\000t\000e\000l\000l\000i\000g\000e\000n\000c\000e}{chapter.1}% 4
\BOOKMARK [1][-]{section.1.3}{\376\377\000O\000b\000j\000e\000c\000t\000i\000v\000e\000s\000\040\000a\000n\000d\000\040\000C\000o\000n\000t\000r\000i\000b\000u\000t\000i\000o\000n\000s\000\040\000o\000f\000\040\000t\000h\000e\000\040\000T\000h\000e\000s\000i\000s}{chapter.1}% 5
\BOOKMARK [2][-]{subsection.1.3.1}{\376\377\000T\000h\000e\000s\000i\000s\000\040\000S\000t\000r\000u\000c\000t\000u\000r\000e}{section.1.3}% 6
\BOOKMARK [0][-]{chapter.2}{\376\377\000F\000o\000u\000n\000d\000a\000t\000i\000o\000n\000s\000\040\000a\000n\000d\000\040\000S\000t\000a\000t\000e\000\040\000o\000f\000\040\000t\000h\000e\000\040\000A\000r\000t\000\040\000i\000n\000\040\000I\000n\000t\000e\000l\000l\000i\000g\000e\000n\000t\000\040\000C\000o\000n\000t\000r\000o\000l\000\040\000f\000o\000r\000\040\000t\000h\000e\000\040\000V\0002\000G\000\040\000S\000y\000s\000t\000e\000m\000s}{}% 7
\BOOKMARK [1][-]{section.2.1}{\376\377\000T\000h\000e\000\040\000V\0002\000G\000\040\000I\000m\000p\000e\000r\000a\000t\000i\000v\000e\000:\000\040\000A\000\040\000F\000o\000u\000n\000d\000a\000t\000i\000o\000n\000\040\000o\000f\000\040\000E\000u\000r\000o\000p\000e\000'\000s\000\040\000G\000r\000e\000e\000n\000\040\000T\000r\000a\000n\000s\000i\000t\000i\000o\000n}{chapter.2}% 8
\BOOKMARK [2][-]{subsection.2.1.1}{\376\377\000I\000S\000O\000\040\0001\0005\0001\0001\0008\000-\0002\0000}{section.2.1}% 9
\BOOKMARK [2][-]{subsection.2.1.2}{\376\377\000T\000h\000e\000\040\000V\0002\000G\000\040\000o\000b\000s\000t\000a\000c\000l\000e\000s}{section.2.1}% 10
\BOOKMARK [2][-]{subsection.2.1.3}{\376\377\000T\000h\000e\000\040\000O\000p\000t\000i\000m\000i\000z\000e\000r\000'\000s\000\040\000T\000r\000i\000l\000e\000m\000m\000a\000:\000\040\000N\000a\000v\000i\000g\000a\000t\000i\000n\000g\000\040\000a\000\040\000S\000t\000o\000c\000h\000a\000s\000t\000i\000c\000\040\000W\000o\000r\000l\000d}{section.2.1}% 11
\BOOKMARK [2][-]{subsection.2.1.4}{\376\377\000S\000o\000u\000r\000c\000e\000s\000\040\000f\000o\000r\000\040\000E\000n\000e\000r\000g\000y\000\040\000P\000r\000i\000c\000e\000\040\000D\000a\000t\000a}{section.2.1}% 12
\BOOKMARK [2][-]{subsection.2.1.5}{\376\377\000B\000u\000y\000i\000n\000g\000\040\000v\000s\000.\000\040\000S\000e\000l\000l\000i\000n\000g\000:\000\040\000T\000h\000e\000\040\000C\000r\000i\000t\000i\000c\000a\000l\000\040\000R\000e\000t\000a\000i\000l\000-\000W\000h\000o\000l\000e\000s\000a\000l\000e\000\040\000S\000p\000r\000e\000a\000d}{section.2.1}% 13
\BOOKMARK [2][-]{subsection.2.1.6}{\376\377\000M\000o\000d\000e\000l\000l\000i\000n\000g\000\040\000t\000h\000e\000\040\000V\0002\000G\000\040\000E\000c\000o\000s\000y\000s\000t\000e\000m}{section.2.1}% 14
\BOOKMARK [1][-]{section.2.2}{\376\377\000R\000e\000i\000n\000f\000o\000r\000c\000e\000m\000e\000n\000t\000\040\000L\000e\000a\000r\000n\000i\000n\000g}{chapter.2}% 15
\BOOKMARK [2][-]{subsection.2.2.1}{\376\377\000T\000h\000e\000\040\000A\000g\000e\000n\000t\000-\000E\000n\000v\000i\000r\000o\000n\000m\000e\000n\000t\000\040\000I\000n\000t\000e\000r\000f\000a\000c\000e}{section.2.2}% 16
\BOOKMARK [2][-]{subsection.2.2.2}{\376\377\000G\000o\000a\000l\000s\000,\000\040\000R\000e\000w\000a\000r\000d\000s\000,\000\040\000a\000n\000d\000\040\000R\000e\000t\000u\000r\000n\000s}{section.2.2}% 17
\BOOKMARK [2][-]{subsection.2.2.3}{\376\377\000T\000h\000e\000\040\000L\000a\000n\000g\000u\000a\000g\000e\000\040\000o\000f\000\040\000L\000e\000a\000r\000n\000i\000n\000g\000:\000\040\000M\000a\000r\000k\000o\000v\000\040\000D\000e\000c\000i\000s\000i\000o\000n\000\040\000P\000r\000o\000c\000e\000s\000s\000e\000s}{section.2.2}% 18
\BOOKMARK [2][-]{subsection.2.2.4}{\376\377\000P\000o\000l\000i\000c\000i\000e\000s\000\040\000a\000n\000d\000\040\000V\000a\000l\000u\000e\000\040\000F\000u\000n\000c\000t\000i\000o\000n\000s}{section.2.2}% 19
\BOOKMARK [2][-]{subsection.2.2.5}{\376\377\000T\000h\000e\000\040\000B\000e\000l\000l\000m\000a\000n\000\040\000E\000q\000u\000a\000t\000i\000o\000n\000s}{section.2.2}% 20
\BOOKMARK [2][-]{subsection.2.2.6}{\376\377\000G\000e\000n\000e\000r\000a\000l\000i\000z\000e\000d\000\040\000P\000o\000l\000i\000c\000y\000\040\000I\000t\000e\000r\000a\000t\000i\000o\000n\000\040\000\050\000G\000P\000I\000\051}{section.2.2}% 21
\BOOKMARK [2][-]{subsection.2.2.7}{\376\377\000L\000e\000a\000r\000n\000i\000n\000g\000\040\000f\000r\000o\000m\000\040\000E\000x\000p\000e\000r\000i\000e\000n\000c\000e\000:\000\040\000M\000o\000n\000t\000e\000\040\000C\000a\000r\000l\000o\000\040\000\050\000M\000C\000\051\000\040\000a\000n\000d\000\040\000T\000e\000m\000p\000o\000r\000a\000l\000-\000D\000i\000f\000f\000e\000r\000e\000n\000c\000e\000\040\000\050\000T\000D\000\051\000\040\000M\000e\000t\000h\000o\000d\000s}{section.2.2}% 22
\BOOKMARK [2][-]{subsection.2.2.8}{\376\377\000Q\000-\000L\000e\000a\000r\000n\000i\000n\000g\000:\000\040\000O\000f\000f\000-\000P\000o\000l\000i\000c\000y\000\040\000T\000D\000\040\000C\000o\000n\000t\000r\000o\000l}{section.2.2}% 23
\BOOKMARK [2][-]{subsection.2.2.9}{\376\377\000A\000c\000t\000o\000r\000-\000C\000r\000i\000t\000i\000c\000\040\000A\000r\000c\000h\000i\000t\000e\000c\000t\000u\000r\000e\000s}{section.2.2}% 24
\BOOKMARK [1][-]{section.2.3}{\376\377\000R\000e\000w\000a\000r\000d\000\040\000E\000n\000g\000i\000n\000e\000e\000r\000i\000n\000g\000:\000\040\000S\000h\000a\000p\000i\000n\000g\000\040\000A\000g\000e\000n\000t\000\040\000B\000e\000h\000a\000v\000i\000o\000r}{chapter.2}% 25
\BOOKMARK [2][-]{subsection.2.3.1}{\376\377\000P\000o\000t\000e\000n\000t\000i\000a\000l\000-\000B\000a\000s\000e\000d\000\040\000R\000e\000w\000a\000r\000d\000\040\000S\000h\000a\000p\000i\000n\000g}{section.2.3}% 26
\BOOKMARK [2][-]{subsection.2.3.2}{\376\377\000T\000h\000e\000o\000r\000e\000t\000i\000c\000a\000l\000\040\000F\000o\000u\000n\000d\000a\000t\000i\000o\000n\000\040\000a\000n\000d\000\040\000P\000o\000l\000i\000c\000y\000\040\000I\000n\000v\000a\000r\000i\000a\000n\000c\000e}{section.2.3}% 27
\BOOKMARK [2][-]{subsection.2.3.3}{\376\377\000P\000r\000a\000c\000t\000i\000c\000a\000l\000\040\000I\000m\000p\000l\000i\000c\000a\000t\000i\000o\000n\000s\000\040\000a\000n\000d\000\040\000D\000e\000s\000i\000g\000n\000\040\000C\000o\000n\000s\000i\000d\000e\000r\000a\000t\000i\000o\000n\000s}{section.2.3}% 28
\BOOKMARK [1][-]{section.2.4}{\376\377\000C\000u\000r\000r\000i\000c\000u\000l\000u\000m\000\040\000L\000e\000a\000r\000n\000i\000n\000g}{chapter.2}% 29
\BOOKMARK [2][-]{subsection.2.4.1}{\376\377\000S\000p\000e\000c\000i\000f\000i\000c\000\040\000P\000r\000i\000n\000c\000i\000p\000l\000e\000s\000\040\000a\000n\000d\000\040\000A\000p\000p\000l\000i\000c\000a\000t\000i\000o\000n\000s}{section.2.4}% 30
\BOOKMARK [2][-]{subsection.2.4.2}{\376\377\000C\000u\000r\000r\000i\000c\000u\000l\000u\000m\000\040\000L\000e\000a\000r\000n\000i\000n\000g\000\040\000i\000n\000\040\000V\0002\000G}{section.2.4}% 31
\BOOKMARK [1][-]{section.2.5}{\376\377\000T\000h\000e\000\040\000R\000i\000s\000e\000\040\000o\000f\000\040\000D\000e\000e\000p\000\040\000R\000e\000i\000n\000f\000o\000r\000c\000e\000m\000e\000n\000t\000\040\000L\000e\000a\000r\000n\000i\000n\000g\000\040\000f\000o\000r\000\040\000t\000h\000e\000\040\000V\0002\000G\000\040\000C\000o\000n\000t\000r\000o\000l}{chapter.2}% 32
\BOOKMARK [2][-]{subsection.2.5.1}{\376\377\000T\000h\000e\000\040\000F\000u\000n\000d\000a\000m\000e\000n\000t\000a\000l\000\040\000R\000o\000l\000e\000\040\000o\000f\000\040\000D\000N\000N\000s\000\040\000i\000n\000\040\000D\000R\000L}{section.2.5}% 33
\BOOKMARK [2][-]{subsection.2.5.2}{\376\377\000D\000e\000e\000p\000\040\000Q\000-\000N\000e\000t\000w\000o\000r\000k\000\040\000\050\000D\000Q\000N\000\051\000\040\000f\000o\000r\000\040\000V\000a\000l\000u\000e\000\040\000F\000u\000n\000c\000t\000i\000o\000n\000\040\000A\000p\000p\000r\000o\000x\000i\000m\000a\000t\000i\000o\000n}{section.2.5}% 34
\BOOKMARK [2][-]{subsection.2.5.3}{\376\377\000P\000o\000l\000i\000c\000y\000\040\000G\000r\000a\000d\000i\000e\000n\000t\000\040\000M\000e\000t\000h\000o\000d\000s}{section.2.5}% 35
\BOOKMARK [1][-]{section.2.6}{\376\377\000O\000f\000f\000-\000p\000o\000l\000i\000c\000y\000\040\000a\000n\000d\000\040\000o\000n\000-\000p\000o\000l\000i\000c\000y\000\040\000m\000e\000t\000h\000o\000d\000s}{chapter.2}% 36
\BOOKMARK [2][-]{subsection.2.6.1}{\376\377\000O\000f\000f\000-\000p\000o\000l\000i\000c\000y\000\040\000R\000e\000i\000n\000f\000o\000r\000c\000e\000m\000e\000n\000t\000\040\000L\000e\000a\000r\000n\000i\000n\000g}{section.2.6}% 37
\BOOKMARK [2][-]{subsection.2.6.2}{\376\377\000O\000n\000-\000P\000o\000l\000i\000c\000y\000\040\000M\000e\000t\000h\000o\000d\000s\000:\000\040\000S\000t\000a\000b\000i\000l\000i\000t\000y\000\040\000t\000h\000r\000o\000u\000g\000h\000\040\000C\000a\000u\000t\000i\000o\000u\000s\000\040\000U\000p\000d\000a\000t\000e\000s}{section.2.6}% 38
\BOOKMARK [2][-]{subsection.2.6.3}{\376\377\000G\000r\000a\000d\000i\000e\000n\000t\000-\000F\000r\000e\000e\000\040\000M\000e\000t\000h\000o\000d\000s\000:\000\040\000A\000n\000\040\000A\000l\000t\000e\000r\000n\000a\000t\000i\000v\000e\000\040\000P\000a\000t\000h}{section.2.6}% 39
\BOOKMARK [1][-]{section.2.7}{\376\377\000T\000h\000e\000\040\000M\000o\000d\000e\000l\000-\000B\000a\000s\000e\000d\000\040\000B\000e\000n\000c\000h\000m\000a\000r\000k\000:\000\040\000M\000o\000d\000e\000l\000\040\000P\000r\000e\000d\000i\000c\000t\000i\000v\000e\000\040\000C\000o\000n\000t\000r\000o\000l\000\040\000\050\000M\000P\000C\000\051}{chapter.2}% 40
\BOOKMARK [2][-]{subsection.2.7.1}{\376\377\000M\000o\000d\000e\000l\000\040\000P\000r\000e\000d\000i\000c\000t\000i\000v\000e\000\040\000C\000o\000n\000t\000r\000o\000l\000\040\000F\000o\000r\000m\000u\000l\000a\000t\000i\000o\000n}{section.2.7}% 41
\BOOKMARK [2][-]{subsection.2.7.2}{\376\377\000I\000m\000p\000l\000i\000c\000i\000t\000\040\000M\000P\000C\000:\000\040\000O\000n\000l\000i\000n\000e\000\040\000O\000p\000t\000i\000m\000i\000z\000a\000t\000i\000o\000n}{section.2.7}% 42
\BOOKMARK [2][-]{subsection.2.7.3}{\376\377\000I\000m\000p\000r\000o\000v\000e\000m\000e\000n\000t\000\040\000o\000f\000\040\000t\000h\000e\000\040\000S\000t\000a\000n\000d\000a\000r\000d\000\040\000F\000i\000x\000e\000d\000-\000H\000o\000r\000i\000z\000o\000n\000\040\000M\000P\000C\000\040\000F\000o\000r\000m\000u\000l\000a\000t\000i\000o\000n}{section.2.7}% 43
\BOOKMARK [2][-]{subsection.2.7.4}{\376\377\000F\000u\000r\000t\000h\000e\000r\000\040\000E\000n\000h\000a\000n\000c\000e\000m\000e\000n\000t\000s\000\040\000v\000i\000a\000\040\000L\000e\000a\000r\000n\000i\000n\000g\000-\000B\000a\000s\000e\000d\000\040\000A\000p\000p\000r\000o\000a\000c\000h\000e\000s}{section.2.7}% 44
\BOOKMARK [2][-]{subsection.2.7.5}{\376\377\000E\000x\000p\000l\000i\000c\000i\000t\000\040\000M\000P\000C\000:\000\040\000O\000f\000f\000l\000i\000n\000e\000\040\000P\000r\000e\000-\000c\000o\000m\000p\000u\000t\000a\000t\000i\000o\000n}{section.2.7}% 45
\BOOKMARK [2][-]{subsection.2.7.6}{\376\377\000D\000e\000e\000p\000\040\000L\000e\000a\000r\000n\000i\000n\000g\000\040\000f\000o\000r\000\040\000a\000n\000\040\000E\000f\000f\000i\000c\000i\000e\000n\000t\000\040\000E\000x\000p\000l\000i\000c\000i\000t\000\040\000M\000P\000C\000\040\000R\000e\000p\000r\000e\000s\000e\000n\000t\000a\000t\000i\000o\000n}{section.2.7}% 46
\BOOKMARK [1][-]{section.2.8}{\376\377\000A\000\040\000C\000o\000m\000p\000a\000r\000a\000t\000i\000v\000e\000\040\000P\000e\000r\000s\000p\000e\000c\000t\000i\000v\000e\000\040\000o\000n\000\040\000C\000o\000n\000t\000r\000o\000l\000\040\000M\000e\000t\000h\000o\000d\000o\000l\000o\000g\000i\000e\000s}{chapter.2}% 47
\BOOKMARK [1][-]{section.2.9}{\376\377\000R\000u\000l\000e\000-\000B\000a\000s\000e\000d\000\040\000H\000e\000u\000r\000i\000s\000t\000i\000c\000\040\000B\000a\000s\000e\000l\000i\000n\000e\000s}{chapter.2}% 48
\BOOKMARK [1][-]{section.2.10}{\376\377\000A\000\040\000P\000r\000i\000m\000e\000r\000\040\000o\000n\000\040\000L\000i\000t\000h\000i\000u\000m\000-\000I\000o\000n\000\040\000B\000a\000t\000t\000e\000r\000y\000\040\000C\000h\000e\000m\000i\000s\000t\000r\000i\000e\000s\000\040\000a\000n\000d\000\040\000D\000e\000g\000r\000a\000d\000a\000t\000i\000o\000n}{chapter.2}% 49
\BOOKMARK [2][-]{subsection.2.10.1}{\376\377\000F\000u\000n\000d\000a\000m\000e\000n\000t\000a\000l\000\040\000C\000o\000n\000c\000e\000p\000t\000s\000\040\000a\000n\000d\000\040\000D\000e\000g\000r\000a\000d\000a\000t\000i\000o\000n\000\040\000M\000e\000c\000h\000a\000n\000i\000s\000m\000s}{section.2.10}% 50
\BOOKMARK [2][-]{subsection.2.10.2}{\376\377\000K\000e\000y\000\040\000A\000u\000t\000o\000m\000o\000t\000i\000v\000e\000\040\000C\000h\000e\000m\000i\000s\000t\000r\000i\000e\000s}{section.2.10}% 51
\BOOKMARK [2][-]{subsection.2.10.3}{\376\377\000V\000o\000l\000t\000a\000g\000e\000\040\000P\000r\000o\000f\000i\000l\000e\000s\000\040\000a\000n\000d\000\040\000t\000h\000e\000\040\000C\000h\000a\000l\000l\000e\000n\000g\000e\000\040\000o\000f\000\040\000S\000o\000C\000\040\000E\000s\000t\000i\000m\000a\000t\000i\000o\000n}{section.2.10}% 52
\BOOKMARK [2][-]{subsection.2.10.4}{\376\377\000C\000o\000m\000p\000a\000r\000a\000t\000i\000v\000e\000\040\000A\000n\000a\000l\000y\000s\000i\000s\000\040\000a\000n\000d\000\040\000S\000a\000f\000e\000t\000y\000\040\000C\000o\000n\000s\000i\000d\000e\000r\000a\000t\000i\000o\000n\000s}{section.2.10}% 53
\BOOKMARK [0][-]{chapter.3}{\376\377\000A\000n\000\040\000E\000n\000h\000a\000n\000c\000e\000d\000\040\000V\0002\000G\000\040\000S\000i\000m\000u\000l\000a\000t\000i\000o\000n\000\040\000F\000r\000a\000m\000e\000w\000o\000r\000k\000\040\000f\000o\000r\000\040\000R\000o\000b\000u\000s\000t\000\040\000C\000o\000n\000t\000r\000o\000l}{}% 54
\BOOKMARK [1][-]{section.3.1}{\376\377\000A\000\040\000U\000n\000i\000f\000i\000e\000d\000\040\000E\000x\000p\000e\000r\000i\000m\000e\000n\000t\000a\000t\000i\000o\000n\000\040\000a\000n\000d\000\040\000E\000v\000a\000l\000u\000a\000t\000i\000o\000n\000\040\000W\000o\000r\000k\000f\000l\000o\000w}{chapter.3}% 55
\BOOKMARK [1][-]{section.3.2}{\376\377\000C\000o\000r\000e\000\040\000S\000i\000m\000u\000l\000a\000t\000i\000o\000n\000\040\000P\000a\000r\000a\000m\000e\000t\000e\000r\000s}{chapter.3}% 56
\BOOKMARK [2][-]{subsection.3.2.1}{\376\377\000T\000e\000m\000p\000o\000r\000a\000l\000\040\000a\000n\000d\000\040\000C\000o\000n\000t\000e\000x\000t\000u\000a\000l\000\040\000S\000e\000t\000t\000i\000n\000g\000s}{section.3.2}% 57
\BOOKMARK [2][-]{subsection.3.2.2}{\376\377\000S\000t\000o\000c\000h\000a\000s\000t\000i\000c\000\040\000D\000e\000m\000a\000n\000d\000\040\000M\000o\000d\000e\000l\000i\000n\000g}{section.3.2}% 58
\BOOKMARK [2][-]{subsection.3.2.3}{\376\377\000E\000c\000o\000n\000o\000m\000i\000c\000\040\000F\000r\000a\000m\000e\000w\000o\000r\000k}{section.3.2}% 59
\BOOKMARK [2][-]{subsection.3.2.4}{\376\377\000P\000h\000y\000s\000i\000c\000a\000l\000\040\000I\000n\000f\000r\000a\000s\000t\000r\000u\000c\000t\000u\000r\000e}{section.3.2}% 60
\BOOKMARK [2][-]{subsection.3.2.5}{\376\377\000E\000x\000o\000g\000e\000n\000o\000u\000s\000\040\000E\000n\000e\000r\000g\000y\000\040\000E\000v\000e\000n\000t\000s}{section.3.2}% 61
\BOOKMARK [2][-]{subsection.3.2.6}{\376\377\000E\000l\000e\000c\000t\000r\000i\000c\000\040\000V\000e\000h\000i\000c\000l\000e\000\040\000F\000l\000e\000e\000t\000\040\000S\000p\000e\000c\000i\000f\000i\000c\000a\000t\000i\000o\000n}{section.3.2}% 62
\BOOKMARK [2][-]{subsection.3.2.7}{\376\377\000D\000u\000a\000l\000-\000M\000o\000d\000e\000\040\000T\000r\000a\000i\000n\000i\000n\000g\000:\000\040\000S\000p\000e\000c\000i\000a\000l\000i\000s\000t\000s\000\040\000a\000n\000d\000\040\000G\000e\000n\000e\000r\000a\000l\000i\000s\000t\000s}{section.3.2}% 63
\BOOKMARK [2][-]{subsection.3.2.8}{\376\377\000M\000P\000C\000\040\000I\000n\000t\000e\000g\000r\000a\000t\000i\000o\000n\000\040\000a\000n\000d\000\040\000A\000p\000p\000r\000o\000x\000i\000m\000a\000t\000i\000o\000n}{section.3.2}% 64
\BOOKMARK [2][-]{subsection.3.2.9}{\376\377\000R\000i\000g\000o\000r\000o\000u\000s\000\040\000a\000n\000d\000\040\000R\000e\000p\000r\000o\000d\000u\000c\000i\000b\000l\000e\000\040\000B\000e\000n\000c\000h\000m\000a\000r\000k\000i\000n\000g}{section.3.2}% 65
\BOOKMARK [2][-]{subsection.3.2.10}{\376\377\000S\000o\000f\000t\000w\000a\000r\000e\000\040\000I\000m\000p\000l\000e\000m\000e\000n\000t\000a\000t\000i\000o\000n\000\040\000a\000n\000d\000\040\000P\000r\000o\000j\000e\000c\000t\000\040\000S\000t\000r\000u\000c\000t\000u\000r\000e}{section.3.2}% 66
\BOOKMARK [1][-]{section.3.3}{\376\377\000C\000o\000r\000e\000\040\000P\000h\000y\000s\000i\000c\000a\000l\000\040\000M\000o\000d\000e\000l\000s}{chapter.3}% 67
\BOOKMARK [2][-]{subsection.3.3.1}{\376\377\000E\000V\000\040\000M\000o\000d\000e\000l\000\040\000a\000n\000d\000\040\000C\000h\000a\000r\000g\000i\000n\000g\000/\000D\000i\000s\000c\000h\000a\000r\000g\000i\000n\000g\000\040\000D\000y\000n\000a\000m\000i\000c\000s}{section.3.3}% 68
\BOOKMARK [2][-]{subsection.3.3.2}{\376\377\000B\000a\000t\000t\000e\000r\000y\000\040\000D\000e\000g\000r\000a\000d\000a\000t\000i\000o\000n\000\040\000M\000o\000d\000e\000l}{section.3.3}% 69
\BOOKMARK [2][-]{subsection.3.3.3}{\376\377\000R\000e\000p\000r\000o\000d\000u\000c\000i\000b\000l\000e\000\040\000B\000e\000n\000c\000h\000m\000a\000r\000k\000i\000n\000g\000\040\000a\000n\000d\000\040\000E\000v\000a\000l\000u\000a\000t\000i\000o\000n}{section.3.3}% 70
\BOOKMARK [2][-]{subsection.3.3.4}{\376\377\000I\000n\000t\000e\000r\000a\000c\000t\000i\000v\000e\000\040\000W\000e\000b\000-\000B\000a\000s\000e\000d\000\040\000D\000a\000s\000h\000b\000o\000a\000r\000d}{section.3.3}% 71
\BOOKMARK [1][-]{section.3.4}{\376\377\000E\000v\000a\000l\000u\000a\000t\000i\000o\000n\000\040\000M\000e\000t\000r\000i\000c\000s}{chapter.3}% 72
\BOOKMARK [1][-]{section.3.5}{\376\377\000S\000i\000m\000u\000l\000a\000t\000o\000r\000\040\000I\000m\000p\000l\000e\000m\000e\000n\000t\000a\000t\000i\000o\000n\000\040\000D\000e\000t\000a\000i\000l\000s}{chapter.3}% 73
\BOOKMARK [1][-]{section.3.6}{\376\377\000S\000i\000m\000u\000l\000a\000t\000i\000o\000n\000\040\000F\000r\000a\000m\000e\000w\000o\000r\000k\000\040\000C\000o\000m\000p\000o\000n\000e\000n\000t\000s}{chapter.3}% 74
\BOOKMARK [2][-]{subsection.3.6.1}{\376\377\000E\000l\000e\000c\000t\000r\000i\000c\000\040\000V\000e\000h\000i\000c\000l\000e\000\040\000M\000o\000d\000e\000l\000\040\000\050\000e\000v\000.\000p\000y\000\051}{section.3.6}% 75
\BOOKMARK [2][-]{subsection.3.6.2}{\376\377\000C\000h\000a\000r\000g\000i\000n\000g\000\040\000S\000t\000a\000t\000i\000o\000n\000\040\000M\000o\000d\000e\000l\000\040\000\050\000e\000v\000\137\000c\000h\000a\000r\000g\000e\000r\000.\000p\000y\000\051}{section.3.6}% 76
\BOOKMARK [2][-]{subsection.3.6.3}{\376\377\000T\000r\000a\000n\000s\000f\000o\000r\000m\000e\000r\000\040\000M\000o\000d\000e\000l\000\040\000\050\000t\000r\000a\000n\000s\000f\000o\000r\000m\000e\000r\000.\000p\000y\000\051}{section.3.6}% 77
\BOOKMARK [2][-]{subsection.3.6.4}{\376\377\000M\000a\000i\000n\000\040\000G\000y\000m\000\040\000E\000n\000v\000i\000r\000o\000n\000m\000e\000n\000t\000\040\000\050\000e\000v\0002\000g\000y\000m\000\137\000e\000n\000v\000.\000p\000y\000\051}{section.3.6}% 78
\BOOKMARK [1][-]{section.3.7}{\376\377\000R\000e\000i\000n\000f\000o\000r\000c\000e\000m\000e\000n\000t\000\040\000L\000e\000a\000r\000n\000i\000n\000g\000\040\000F\000o\000r\000m\000u\000l\000a\000t\000i\000o\000n}{chapter.3}% 79
\BOOKMARK [2][-]{subsection.3.7.1}{\376\377\000S\000t\000a\000t\000e\000\040\000S\000p\000a\000c\000e\000\040\000\050\000S\000\051}{section.3.7}% 80
\BOOKMARK [2][-]{subsection.3.7.2}{\376\377\000A\000c\000t\000i\000o\000n\000\040\000S\000p\000a\000c\000e\000\040\000\050\000A\000\051}{section.3.7}% 81
\BOOKMARK [2][-]{subsection.3.7.3}{\376\377\000R\000e\000w\000a\000r\000d\000\040\000F\000u\000n\000c\000t\000i\000o\000n\000\040\000\050\000R\000\051}{section.3.7}% 82
\BOOKMARK [1][-]{section.3.8}{\376\377\000A\000\040\000H\000i\000s\000t\000o\000r\000y\000-\000B\000a\000s\000e\000d\000\040\000A\000d\000a\000p\000t\000i\000v\000e\000\040\000R\000e\000w\000a\000r\000d\000\040\000f\000o\000r\000\040\000P\000r\000o\000f\000i\000t\000\040\000M\000a\000x\000i\000m\000i\000z\000a\000t\000i\000o\000n}{chapter.3}% 83
\BOOKMARK [2][-]{subsection.3.8.1}{\376\377\000D\000y\000n\000a\000m\000i\000c\000\040\000E\000c\000o\000n\000o\000m\000i\000c\000\040\000P\000r\000o\000f\000i\000t}{section.3.8}% 84
\BOOKMARK [2][-]{subsection.3.8.2}{\376\377\000A\000d\000a\000p\000t\000i\000v\000e\000\040\000U\000s\000e\000r\000\040\000S\000a\000t\000i\000s\000f\000a\000c\000t\000i\000o\000n\000\040\000P\000e\000n\000a\000l\000t\000y}{section.3.8}% 85
\BOOKMARK [2][-]{subsection.3.8.3}{\376\377\000A\000d\000a\000p\000t\000i\000v\000e\000\040\000T\000r\000a\000n\000s\000f\000o\000r\000m\000e\000r\000\040\000O\000v\000e\000r\000l\000o\000a\000d\000\040\000P\000e\000n\000a\000l\000t\000y}{section.3.8}% 86
\BOOKMARK [1][-]{section.3.9}{\376\377\000R\000e\000i\000n\000f\000o\000r\000c\000e\000m\000e\000n\000t\000\040\000L\000e\000a\000r\000n\000i\000n\000g\000\040\000A\000l\000g\000o\000r\000i\000t\000h\000m\000s}{chapter.3}% 87
\BOOKMARK [1][-]{section.3.10}{\376\377\000M\000o\000d\000e\000l\000\040\000P\000r\000e\000d\000i\000c\000t\000i\000v\000e\000\040\000C\000o\000n\000t\000r\000o\000l\000\040\000\050\000M\000P\000C\000\051\000\040\000I\000m\000p\000l\000e\000m\000e\000n\000t\000a\000t\000i\000o\000n}{chapter.3}% 88
\BOOKMARK [1][-]{section.3.11}{\376\377\000O\000n\000l\000i\000n\000e\000\040\000M\000P\000C\000\040\000F\000o\000r\000m\000u\000l\000a\000t\000i\000o\000n\000\040\000\050\000P\000u\000L\000P\000\040\000I\000m\000p\000l\000e\000m\000e\000n\000t\000a\000t\000i\000o\000n\000\051}{chapter.3}% 89
\BOOKMARK [2][-]{subsection.3.11.1}{\376\377\000T\000h\000e\000\040\000C\000B\000C\000\040\000S\000o\000l\000v\000e\000r\000\040\000a\000n\000d\000\040\000B\000r\000a\000n\000c\000h\000\040\000a\000n\000d\000\040\000C\000u\000t\000\040\000A\000l\000g\000o\000r\000i\000t\000h\000m}{section.3.11}% 90
\BOOKMARK [1][-]{section.3.12}{\376\377\000L\000y\000a\000p\000u\000n\000o\000v\000-\000b\000a\000s\000e\000d\000\040\000A\000d\000a\000p\000t\000i\000v\000e\000\040\000H\000o\000r\000i\000z\000o\000n\000\040\000M\000P\000C}{chapter.3}% 91
\BOOKMARK [1][-]{section.3.13}{\376\377\000B\000e\000n\000c\000h\000m\000a\000r\000k\000\040\000R\000e\000s\000u\000l\000t\000s\000\040\000a\000n\000d\000\040\000A\000l\000g\000o\000r\000i\000t\000h\000m\000\040\000C\000o\000m\000p\000a\000r\000i\000s\000o\000n}{chapter.3}% 92
\BOOKMARK [2][-]{subsection.3.13.1}{\376\377\000S\000c\000e\000n\000a\000r\000i\000o\000\040\0001\000:\000\040\000C\000r\000i\000t\000i\000c\000a\000l\000\040\000C\000a\000s\000e\000\040\000\050\000H\000i\000g\000h\000\040\000D\000e\000m\000a\000n\000d\000\040\000\040\000H\000i\000g\000h\000\040\000P\000r\000i\000c\000e\000\040\000V\000o\000l\000a\000t\000i\000l\000i\000t\000y\000\051}{section.3.13}% 93
\BOOKMARK [0][-]{chapter.4}{\376\377\000S\000e\000n\000s\000i\000t\000i\000v\000i\000t\000y\000\040\000A\000n\000a\000l\000y\000s\000i\000s\000\040\000o\000f\000\040\000t\000h\000e\000\040\000V\0002\000G\000\040\000S\000y\000s\000t\000e\000m}{}% 94
\BOOKMARK [1][-]{section.4.1}{\376\377\000I\000n\000t\000r\000o\000d\000u\000c\000t\000i\000o\000n\000\040\000t\000o\000\040\000G\000l\000o\000b\000a\000l\000\040\000S\000e\000n\000s\000i\000t\000i\000v\000i\000t\000y\000\040\000A\000n\000a\000l\000y\000s\000i\000s}{chapter.4}% 95
\BOOKMARK [1][-]{section.4.2}{\376\377\000D\000i\000f\000f\000e\000r\000e\000n\000t\000\040\000C\000l\000a\000s\000s\000e\000s\000\040\000o\000f\000\040\000S\000e\000n\000s\000i\000t\000i\000v\000i\000t\000y\000\040\000A\000n\000a\000l\000y\000s\000i\000s}{chapter.4}% 96
\BOOKMARK [2][-]{subsection.4.2.1}{\376\377\000L\000o\000c\000a\000l\000\040\000S\000A}{section.4.2}% 97
\BOOKMARK [2][-]{subsection.4.2.2}{\376\377\000G\000l\000o\000b\000a\000l\000\040\000S\000A\000\040\000\050\000G\000S\000A\000\051}{section.4.2}% 98
\BOOKMARK [1][-]{section.4.3}{\376\377\000C\000h\000a\000l\000l\000e\000n\000g\000e\000s}{chapter.4}% 99
\BOOKMARK [1][-]{section.4.4}{\376\377\000M\000e\000t\000h\000o\000d\000o\000l\000o\000g\000y\000\040\000f\000o\000r\000\040\000S\000e\000n\000s\000i\000t\000i\000v\000i\000t\000y\000\040\000a\000n\000d\000\040\000R\000o\000b\000u\000s\000t\000n\000e\000s\000s\000\040\000A\000n\000a\000l\000y\000s\000i\000s}{chapter.4}% 100
\BOOKMARK [2][-]{subsection.4.4.1}{\376\377\000P\000a\000r\000a\000m\000e\000t\000e\000r\000\040\000a\000n\000d\000\040\000M\000o\000d\000e\000l\000-\000O\000u\000t\000p\000u\000t\000\040\000S\000p\000a\000c\000e}{section.4.4}% 101
\BOOKMARK [2][-]{subsection.4.4.2}{\376\377\000O\000n\000e\000-\000a\000t\000-\000a\000-\000T\000i\000m\000e\000\040\000\050\000O\000a\000a\000T\000\051\000\040\000S\000e\000n\000s\000i\000t\000i\000v\000i\000t\000y\000\040\000A\000n\000a\000l\000y\000s\000i\000s}{section.4.4}% 102
\BOOKMARK [2][-]{subsection.4.4.3}{\376\377\000G\000l\000o\000b\000a\000l\000\040\000S\000e\000n\000s\000i\000t\000i\000v\000i\000t\000y\000\040\000A\000n\000a\000l\000y\000s\000i\000s\000:\000\040\000T\000h\000e\000\040\000M\000o\000r\000r\000i\000s\000\040\000M\000e\000t\000h\000o\000d}{section.4.4}% 103
\BOOKMARK [2][-]{subsection.4.4.4}{\376\377\000S\000t\000o\000c\000h\000a\000s\000t\000i\000c\000\040\000S\000a\000m\000p\000l\000i\000n\000g\000\040\000f\000o\000r\000\040\000R\000o\000b\000u\000s\000t\000n\000e\000s\000s\000\040\000T\000r\000a\000i\000n\000i\000n\000g}{section.4.4}% 104
\BOOKMARK [2][-]{subsection.4.4.5}{\376\377\000D\000y\000n\000a\000m\000i\000c\000\040\000P\000a\000r\000a\000m\000e\000t\000e\000r\000\040\000R\000a\000n\000d\000o\000m\000i\000z\000a\000t\000i\000o\000n}{section.4.4}% 105
\BOOKMARK [1][-]{section.4.5}{\376\377\000A\000n\000a\000l\000y\000s\000i\000s\000\040\000o\000f\000\040\000R\000e\000s\000u\000l\000t\000s}{chapter.4}% 106
\BOOKMARK [2][-]{subsection.4.5.1}{\376\377\000O\000n\000e\000-\000a\000t\000-\000a\000-\000T\000i\000m\000e\000\040\000\050\000O\000a\000a\000T\000\051\000\040\000R\000e\000s\000u\000l\000t\000s}{section.4.5}% 107
\BOOKMARK [2][-]{subsection.4.5.2}{\376\377\000M\000o\000r\000r\000i\000s\000\040\000M\000e\000t\000h\000o\000d\000\040\000G\000l\000o\000b\000a\000l\000\040\000A\000n\000a\000l\000y\000s\000i\000s\000\040\000R\000e\000s\000u\000l\000t\000s}{section.4.5}% 108
\BOOKMARK [1][-]{section.4.6}{\376\377\000C\000o\000n\000c\000l\000u\000s\000i\000o\000n}{chapter.4}% 109
